============================= test session starts ==============================
platform linux -- Python 3.10.19, pytest-9.0.2, pluggy-1.6.0 -- /usr/local/bin/python
cachedir: .pytest_cache
rootdir: /app
plugins: anyio-4.12.0
collecting ... collected 5 items

tests/test_video_processor.py::TestVideoProcessor::test_initialization PASSED [ 20%]
tests/test_video_processor.py::TestVideoProcessor::test_get_duration PASSED [ 40%]
tests/test_video_processor.py::TestVideoProcessor::test_extract_audio PASSED [ 60%]
tests/test_video_processor.py::TestVideoProcessor::test_extract_keyframes_adaptive Killed
